main.c:103:13:setPWMPeriod	8	static
main.c:119:13:publishDataBluetooth	144	static
main.c:154:13:HandleSpiDataTransfer	40	static
main.c:206:5:main	24	static
main.c:297:6:SystemClock_Config	96	static
main.c:343:13:MX_ADC_Init	24	static
main.c:395:13:MX_RTC_Init	48	static
main.c:458:13:MX_TIM3_Init	16	static
main.c:507:13:MX_TIM6_Init	8	static
main.c:537:13:MX_USART1_UART_Init	8	static
main.c:572:13:MX_USART2_UART_Init	8	static
main.c:605:13:MX_DMA_Init	16	static
main.c:621:13:MX_GPIO_Init	48	static
main.c:676:6:Error_Handler	8	static
