main.c:80:6:HAL_TIM_PeriodElapsedCallback	16	static
main.c:88:20:setPWMPeriod	8	static
main.c:119:13:initBluetoothHC06	8	static
main.c:131:5:main	192	static
main.c:213:6:SystemClock_Config	96	static
main.c:259:13:MX_ADC_Init	24	static
main.c:311:13:MX_RTC_Init	32	static
main.c:373:13:MX_TIM3_Init	16	static
main.c:423:13:MX_TIM6_Init	8	static
main.c:454:13:MX_TIM14_Init	8	static
main.c:498:13:MX_USART1_UART_Init	8	static
main.c:533:13:MX_USART2_UART_Init	8	static
main.c:566:13:MX_DMA_Init	16	static
main.c:584:13:MX_GPIO_Init	48	static
main.c:639:6:Error_Handler	8	static
