stm32f0xx_it.c:75:6:NMI_Handler	8	static
stm32f0xx_it.c:88:6:HardFault_Handler	8	static
stm32f0xx_it.c:103:6:SVC_Handler	8	static
stm32f0xx_it.c:116:6:PendSV_Handler	8	static
stm32f0xx_it.c:129:6:SysTick_Handler	8	static
stm32f0xx_it.c:150:6:EXTI4_15_IRQHandler	8	static
stm32f0xx_it.c:168:6:DMA1_Channel1_IRQHandler	8	static
stm32f0xx_it.c:182:6:TIM6_IRQHandler	8	static
stm32f0xx_it.c:196:6:USART1_IRQHandler	8	static
stm32f0xx_it.c:210:6:USART2_IRQHandler	8	static
stm32f0xx_it.c:223:13:handleGPIO_Pin11_Interrupt	24	static
