stm32f0xx_it.c:80:6:NMI_Handler	8	static
stm32f0xx_it.c:93:6:HardFault_Handler	8	static
stm32f0xx_it.c:108:6:SVC_Handler	8	static
stm32f0xx_it.c:121:6:PendSV_Handler	8	static
stm32f0xx_it.c:134:6:SysTick_Handler	8	static
stm32f0xx_it.c:155:6:EXTI4_15_IRQHandler	8	static
stm32f0xx_it.c:173:6:DMA1_Channel1_IRQHandler	8	static
stm32f0xx_it.c:187:6:TIM6_IRQHandler	8	static
stm32f0xx_it.c:201:6:SPI2_IRQHandler	8	static
stm32f0xx_it.c:215:6:USART1_IRQHandler	8	static
stm32f0xx_it.c:229:6:USART2_IRQHandler	8	static
stm32f0xx_it.c:242:6:HAL_TIM_PeriodElapsedCallback	16	static
stm32f0xx_it.c:254:13:handleGPIO_Pin11_Interrupt	24	static
